=== SCENARIO low_load EVAL START 09:21:39 ===
C:\CAOR\.venv\Lib\site-packages\joblib\externals\loky\process_executor.py:782: UserWarning: A worker stopped while some jobs were given to the executor. This can be caused by a too short worker timeout or by a memory leak.
  warnings.warn(
[E2 eval] scenario=low_load  method=eedd  n_seeds=50
[E2 eval] scenario=low_load  method=covert  n_seeds=50
[E2 eval] scenario=low_load  method=ms  n_seeds=50
[E2 eval] scenario=low_load  method=atc  n_seeds=50
[E2 eval] scenario=low_load  method=mdd  n_seeds=50
[E2 eval] scenario=low_load  method=edd  n_seeds=50
[E2 eval] scenario=low_load  method=fifo  n_seeds=50
[E2 eval] scenario=low_load  method=wspt  n_seeds=50
[E2 eval] scenario=low_load  method=fefo  n_seeds=50
[E2 eval] scenario=low_load  method=linucb  n_seeds=50
  [eval] linucb: policy retains state across shifts; ignoring n_jobs=-1 and running serially.
[E2 eval] scenario=low_load  method=rolling_mpc  n_seeds=50
[E2 eval] scenario=low_load  method=greedy_mpc  n_seeds=50
[E2 eval] scenario=low_load  method=snapshot_xgb  n_seeds=50
[E2 eval] scenario=low_load  method=ppo_fair  n_seeds=50
[E2 eval] scenario=low_load  method=offline_fqi  n_seeds=50
[E2 eval] scenario=low_load  method=ours  n_seeds=50

[E2 eval] wrote results\scenario_low_load/
=== low_load EVAL rc=0 09:23:07 ===
[E2 stats] 800 rows across 16 methods, 50 seeds.

[E2 stats] service_failure_rate (scenario=low_load):
      method  point  ci_lo  ci_hi  diff_point  p_raw  p_adj_bh reject_bh
        eedd 0.0033 0.0026 0.0040      0.0000 1.0000    1.0000     False
      covert 0.0033 0.0026 0.0040      0.0000 1.0000    1.0000     False
          ms 0.0033 0.0026 0.0040      0.0000 1.0000    1.0000     False
         atc 0.0033 0.0026 0.0040      0.0000 1.0000    1.0000     False
         mdd 0.0033 0.0026 0.0040      0.0000 1.0000    1.0000     False
         edd 0.0033 0.0026 0.0040      0.0000 1.0000    1.0000     False
        fifo 0.0045 0.0038 0.0053      0.0013 0.0000    0.0001      True
        wspt 0.0092 0.0080 0.0104      0.0059 0.0000    0.0000      True
        fefo 0.0045 0.0038 0.0053      0.0013 0.0000    0.0001      True
      linucb 0.0033 0.0026 0.0040      0.0000 1.0000    1.0000     False
 rolling_mpc 0.0033 0.0026 0.0040      0.0000 1.0000    1.0000     False
  greedy_mpc 0.0033 0.0026 0.0040      0.0000 1.0000    1.0000     False
snapshot_xgb 0.0033 0.0026 0.0040      0.0000 1.0000    1.0000     False
    ppo_fair 0.0033 0.0026 0.0040      0.0000 1.0000    1.0000     False
 offline_fqi 0.0033 0.0026 0.0040      0.0000 1.0000    1.0000     False
        ours 0.0033 0.0026 0.0040      0.0000    NaN       NaN     False

[E2 stats] mean_tardiness (scenario=low_load):
      method  point  ci_lo  ci_hi  diff_point  p_raw  p_adj_bh reject_bh
        eedd 0.0075 0.0054 0.0099      0.0000 1.0000    1.0000     False
      covert 0.0075 0.0054 0.0099      0.0000 1.0000    1.0000     False
          ms 0.0075 0.0054 0.0099      0.0000 1.0000    1.0000     False
         atc 0.0075 0.0054 0.0099      0.0000 1.0000    1.0000     False
         mdd 0.0075 0.0054 0.0099      0.0000 1.0000    1.0000     False
         edd 0.0075 0.0054 0.0099      0.0000 1.0000    1.0000     False
        fifo 0.0094 0.0070 0.0121      0.0019 0.0000    0.0001      True
        wspt 0.0307 0.0249 0.0369      0.0232 0.0000    0.0000      True
        fefo 0.0094 0.0070 0.0121      0.0019 0.0000    0.0001      True
      linucb 0.0075 0.0054 0.0099      0.0000 1.0000    1.0000     False
 rolling_mpc 0.0075 0.0054 0.0099      0.0000 1.0000    1.0000     False
  greedy_mpc 0.0075 0.0054 0.0099      0.0000 1.0000    1.0000     False
snapshot_xgb 0.0075 0.0054 0.0099      0.0000 1.0000    1.0000     False
    ppo_fair 0.0075 0.0054 0.0099      0.0000 1.0000    1.0000     False
 offline_fqi 0.0075 0.0054 0.0099      0.0000 1.0000    1.0000     False
        ours 0.0075 0.0054 0.0099      0.0000    NaN       NaN     False

[E2 stats] composite_cost (scenario=low_load):
      method   point   ci_lo   ci_hi  diff_point  p_raw  p_adj_bh reject_bh
        eedd  9.8204  7.5450 12.3808      0.0000 1.0000    1.0000     False
      covert  9.8204  7.5450 12.3808      0.0000 1.0000    1.0000     False
          ms  9.8204  7.5450 12.3808      0.0000 1.0000    1.0000     False
         atc  9.8204  7.5450 12.3808      0.0000 1.0000    1.0000     False
         mdd  9.8204  7.5450 12.3808      0.0000 1.0000    1.0000     False
         edd  9.8204  7.5450 12.3808      0.0000 1.0000    1.0000     False
        fifo 13.4445 10.8349 16.2478      3.6240 0.0000    0.0001      True
        wspt 21.9195 18.8596 25.0533     12.0990 0.0000    0.0000      True
        fefo 13.4445 10.8349 16.2478      3.6240 0.0000    0.0001      True
      linucb  9.8204  7.5450 12.3808      0.0000 1.0000    1.0000     False
 rolling_mpc  9.8204  7.5450 12.3808      0.0000 1.0000    1.0000     False
  greedy_mpc  9.8204  7.5450 12.3808      0.0000 1.0000    1.0000     False
snapshot_xgb  9.8204  7.5450 12.3808      0.0000 1.0000    1.0000     False
    ppo_fair  9.8204  7.5450 12.3808      0.0000 1.0000    1.0000     False
 offline_fqi  9.8204  7.5450 12.3808      0.0000 1.0000    1.0000     False
        ours  9.8204  7.5450 12.3808      0.0000    NaN       NaN     False

[E2 stats] throughput (scenario=low_load):
      method    point    ci_lo    ci_hi  diff_point  p_raw  p_adj_bh reject_bh
        eedd 465.7000 459.8200 471.7800      0.0000 1.0000    1.0000     False
      covert 465.7000 459.8200 471.7800      0.0000 1.0000    1.0000     False
          ms 465.7000 459.8200 471.7800      0.0000 1.0000    1.0000     False
         atc 465.7000 459.8200 471.7800      0.0000 1.0000    1.0000     False
         mdd 465.7000 459.8200 471.7800      0.0000 1.0000    1.0000     False
         edd 465.7000 459.8200 471.7800      0.0000 1.0000    1.0000     False
        fifo 465.7000 459.8200 471.7800      0.0000 1.0000    1.0000     False
        wspt 465.7000 459.8200 471.7800      0.0000 1.0000    1.0000     False
        fefo 465.7000 459.8200 471.7800      0.0000 1.0000    1.0000     False
      linucb 465.7000 459.8200 471.7800      0.0000 1.0000    1.0000     False
 rolling_mpc 465.7000 459.8200 471.7800      0.0000 1.0000    1.0000     False
  greedy_mpc 465.7000 459.8200 471.7800      0.0000 1.0000    1.0000     False
snapshot_xgb 465.7000 459.8200 471.7800      0.0000 1.0000    1.0000     False
    ppo_fair 465.7000 459.8200 471.7800      0.0000 1.0000    1.0000     False
 offline_fqi 465.7000 459.8200 471.7800      0.0000 1.0000    1.0000     False
        ours 465.7000 459.8200 471.7800      0.0000    NaN       NaN     False

[E2 stats] picker_utilization (scenario=low_load):
      method  point  ci_lo  ci_hi  diff_point  p_raw  p_adj_bh reject_bh
        eedd 0.6139 0.6057 0.6222      0.0000 1.0000    1.0000     False
      covert 0.6138 0.6057 0.6222     -0.0000 0.4926    1.0000     False
          ms 0.6138 0.6057 0.6222     -0.0000 0.9839    1.0000     False
         atc 0.6139 0.6057 0.6222     -0.0000 0.7897    1.0000     False
         mdd 0.6139 0.6057 0.6222      0.0000 1.0000    1.0000     False
         edd 0.6139 0.6057 0.6222      0.0000 1.0000    1.0000     False
        fifo 0.6139 0.6057 0.6222     -0.0000 0.9546    1.0000     False
        wspt 0.6137 0.6056 0.6220     -0.0002 0.0098    0.1476     False
        fefo 0.6139 0.6057 0.6222     -0.0000 0.9546    1.0000     False
      linucb 0.6138 0.6057 0.6222     -0.0000 0.4776    1.0000     False
 rolling_mpc 0.6139 0.6057 0.6222      0.0000 1.0000    1.0000     False
  greedy_mpc 0.6139 0.6057 0.6222      0.0000 1.0000    1.0000     False
snapshot_xgb 0.6139 0.6057 0.6222      0.0000 1.0000    1.0000     False
    ppo_fair 0.6139 0.6057 0.6222      0.0000 1.0000    1.0000     False
 offline_fqi 0.6139 0.6057 0.6222      0.0000 0.3173    1.0000     False
        ours 0.6139 0.6057 0.6222      0.0000    NaN       NaN     False

[E2 stats] wrote results\E2\low_load_stats.parquet
=== low_load STATS rc=0 09:23:10 ===
=== SCENARIO balanced EVAL START 09:23:10 ===
C:\CAOR\.venv\Lib\site-packages\joblib\externals\loky\process_executor.py:782: UserWarning: A worker stopped while some jobs were given to the executor. This can be caused by a too short worker timeout or by a memory leak.
  warnings.warn(
[E2 eval] scenario=balanced  method=eedd  n_seeds=50
[E2 eval] scenario=balanced  method=covert  n_seeds=50
[E2 eval] scenario=balanced  method=ms  n_seeds=50
[E2 eval] scenario=balanced  method=atc  n_seeds=50
[E2 eval] scenario=balanced  method=mdd  n_seeds=50
[E2 eval] scenario=balanced  method=edd  n_seeds=50
[E2 eval] scenario=balanced  method=fifo  n_seeds=50
[E2 eval] scenario=balanced  method=wspt  n_seeds=50
[E2 eval] scenario=balanced  method=fefo  n_seeds=50
[E2 eval] scenario=balanced  method=linucb  n_seeds=50
  [eval] linucb: policy retains state across shifts; ignoring n_jobs=-1 and running serially.
[E2 eval] scenario=balanced  method=rolling_mpc  n_seeds=50
[E2 eval] scenario=balanced  method=greedy_mpc  n_seeds=50
[E2 eval] scenario=balanced  method=snapshot_xgb  n_seeds=50
[E2 eval] scenario=balanced  method=ppo_fair  n_seeds=50
[E2 eval] scenario=balanced  method=offline_fqi  n_seeds=50
[E2 eval] scenario=balanced  method=ours  n_seeds=50

[E2 eval] wrote results\scenario_balanced/
=== balanced EVAL rc=0 09:25:02 ===
[E2 stats] 800 rows across 16 methods, 50 seeds.

[E2 stats] service_failure_rate (scenario=balanced):
      method  point  ci_lo  ci_hi  diff_point  p_raw  p_adj_bh reject_bh
        eedd 0.0037 0.0031 0.0043     -0.0000 0.3173    0.3400     False
      covert 0.0071 0.0058 0.0087      0.0034 0.0000    0.0000      True
          ms 0.0076 0.0064 0.0091      0.0039 0.0000    0.0000      True
         atc 0.0131 0.0091 0.0183      0.0094 0.0000    0.0000      True
         mdd 0.0076 0.0064 0.0090      0.0039 0.0000    0.0000      True
         edd 0.0076 0.0064 0.0090      0.0039 0.0000    0.0000      True
        fifo 0.0380 0.0289 0.0493      0.0342 0.0000    0.0000      True
        wspt 0.0486 0.0435 0.0542      0.0449 0.0000    0.0000      True
        fefo 0.0441 0.0340 0.0568      0.0404 0.0000    0.0000      True
      linucb 0.0054 0.0045 0.0065      0.0017 0.0000    0.0000      True
 rolling_mpc 0.0036 0.0031 0.0042     -0.0001 0.5076    0.5076     False
  greedy_mpc 0.0038 0.0033 0.0044      0.0001 0.2787    0.3216     False
snapshot_xgb 0.0043 0.0037 0.0050      0.0006 0.0002    0.0003      True
    ppo_fair 0.0073 0.0060 0.0090      0.0036 0.0000    0.0000      True
 offline_fqi 0.0040 0.0033 0.0047      0.0002 0.2367    0.2959     False
        ours 0.0037 0.0032 0.0043      0.0000    NaN       NaN     False

[E2 stats] mean_tardiness (scenario=balanced):
      method  point  ci_lo  ci_hi  diff_point  p_raw  p_adj_bh reject_bh
        eedd 0.0079 0.0062 0.0098     -0.0000 0.3173    0.4327     False
      covert 0.0100 0.0082 0.0119      0.0021 0.0000    0.0000      True
          ms 0.0079 0.0061 0.0098     -0.0001 0.6583    0.7053     False
         atc 0.0288 0.0148 0.0480      0.0208 0.0000    0.0000      True
         mdd 0.0080 0.0063 0.0098      0.0000 0.4890    0.6113     False
         edd 0.0079 0.0063 0.0098     -0.0000 0.7935    0.7935     False
        fifo 0.1846 0.1154 0.2723      0.1766 0.0000    0.0000      True
        wspt 0.8964 0.5881 1.2771      0.8885 0.0000    0.0000      True
        fefo 0.2615 0.1654 0.3850      0.2535 0.0000    0.0000      True
      linucb 0.0086 0.0067 0.0106      0.0006 0.0035    0.0065      True
 rolling_mpc 0.0078 0.0061 0.0097     -0.0001 0.2391    0.3587     False
  greedy_mpc 0.0081 0.0064 0.0100      0.0001 0.1470    0.2450     False
snapshot_xgb 0.0091 0.0072 0.0111      0.0011 0.0017    0.0036      True
    ppo_fair 0.0103 0.0082 0.0125      0.0023 0.0000    0.0000      True
 offline_fqi 0.0083 0.0065 0.0102      0.0004 0.5337    0.6158     False
        ours 0.0079 0.0062 0.0098      0.0000    NaN       NaN     False

[E2 stats] composite_cost (scenario=balanced):
      method    point    ci_lo    ci_hi  diff_point  p_raw  p_adj_bh reject_bh
        eedd  17.6237  14.7051  20.5834     -0.1037 0.2850    0.3289     False
      covert  35.5528  27.5968  45.3882     17.8254 0.0000    0.0000      True
          ms  41.0118  32.7434  50.9612     23.2845 0.0000    0.0000      True
         atc  52.3001  37.2030  71.9360     34.5727 0.0000    0.0000      True
         mdd  41.6485  33.3667  51.7789     23.9212 0.0000    0.0000      True
         edd  41.6322  33.3468  51.7583     23.9049 0.0000    0.0000      True
        fifo 210.2164 148.8192 287.6517    192.4891 0.0000    0.0000      True
        wspt 281.7893 219.2871 357.4793    264.0619 0.0000    0.0000      True
        fefo 246.4971 175.2387 334.8368    228.7698 0.0000    0.0000      True
      linucb  26.5458  21.2521  33.1520      8.8184 0.0000    0.0000      True
 rolling_mpc  17.3271  14.1931  20.6290     -0.4002 0.0241    0.0301      True
  greedy_mpc  17.9179  14.9782  20.8318      0.1905 0.6945    0.6945     False
snapshot_xgb  19.6688  16.3916  22.9939      1.9414 0.0012    0.0016      True
    ppo_fair  35.6549  27.6018  45.6186     17.9275 0.0000    0.0000      True
 offline_fqi  18.4961  15.0975  22.1761      0.7687 0.3627    0.3886     False
        ours  17.7274  14.8033  20.6906      0.0000    NaN       NaN     False

[E2 stats] throughput (scenario=balanced):
      method    point    ci_lo    ci_hi  diff_point  p_raw  p_adj_bh reject_bh
        eedd 693.3600 687.1600 699.6400     -0.1000 0.2763    0.3768     False
      covert 693.2600 687.0595 699.5000     -0.2000 0.2109    0.3163     False
          ms 692.9800 686.8200 699.2405     -0.4800 0.0200    0.0685     False
         atc 693.7600 687.5195 700.0800      0.3000 0.0228    0.0685     False
         mdd 693.3800 687.1600 699.6800     -0.0800 0.6826    0.7313     False
         edd 693.3800 687.1600 699.6800     -0.0800 0.6826    0.7313     False
        fifo 693.4800 687.2400 699.7805      0.0200 0.8482    0.8482     False
        wspt 695.1600 688.5200 701.8810      1.7000 0.0001    0.0008      True
        fefo 693.1200 686.9000 699.4200     -0.3400 0.1041    0.1735     False
      linucb 693.1800 686.9995 699.4200     -0.2800 0.0665    0.1426     False
 rolling_mpc 693.9800 687.7200 700.3000      0.5200 0.0028    0.0138      True
  greedy_mpc 693.9600 687.7000 700.2800      0.5000 0.0025    0.0138      True
snapshot_xgb 693.5400 687.3000 699.8800      0.0800 0.5711    0.7139     False
    ppo_fair 693.2000 687.0000 699.4800     -0.2600 0.0948    0.1735     False
 offline_fqi 693.2800 687.0800 699.5800     -0.1800 0.0656    0.1426     False
        ours 693.4600 687.2400 699.7400      0.0000    NaN       NaN     False

[E2 stats] picker_utilization (scenario=balanced):
      method  point  ci_lo  ci_hi  diff_point  p_raw  p_adj_bh reject_bh
        eedd 0.9094 0.9017 0.9173      0.0000 0.7150    0.7353     False
      covert 0.9093 0.9015 0.9171     -0.0001 0.1927    0.3780     False
          ms 0.9096 0.9019 0.9175      0.0002 0.0000    0.0001      True
         atc 0.9092 0.9015 0.9170     -0.0002 0.0120    0.0451      True
         mdd 0.9095 0.9017 0.9173      0.0000 0.2123    0.3780     False
         edd 0.9095 0.9017 0.9173      0.0000 0.2082    0.3780     False
        fifo 0.9093 0.9016 0.9172     -0.0001 0.2268    0.3780     False
        wspt 0.9085 0.9009 0.9163     -0.0009 0.0000    0.0000      True
        fefo 0.9093 0.9015 0.9171     -0.0002 0.0906    0.2717     False
      linucb 0.9094 0.9017 0.9173     -0.0000 0.5606    0.6794     False
 rolling_mpc 0.9094 0.9017 0.9173      0.0000 0.5888    0.6794     False
  greedy_mpc 0.9094 0.9017 0.9172     -0.0000 0.4264    0.6396     False
snapshot_xgb 0.9094 0.9017 0.9173      0.0000 0.5098    0.6794     False
    ppo_fair 0.9092 0.9015 0.9170     -0.0002 0.0047    0.0233      True
 offline_fqi 0.9094 0.9017 0.9173     -0.0000 0.7353    0.7353     False
        ours 0.9094 0.9017 0.9172      0.0000    NaN       NaN     False

[E2 stats] wrote results\E2\balanced_stats.parquet
=== balanced STATS rc=0 09:25:04 ===
=== SCENARIO high_load_perish EVAL START 09:25:05 ===
C:\CAOR\.venv\Lib\site-packages\joblib\externals\loky\process_executor.py:782: UserWarning: A worker stopped while some jobs were given to the executor. This can be caused by a too short worker timeout or by a memory leak.
  warnings.warn(
[E2 eval] scenario=high_load_perish  method=eedd  n_seeds=50
[E2 eval] scenario=high_load_perish  method=covert  n_seeds=50
[E2 eval] scenario=high_load_perish  method=ms  n_seeds=50
[E2 eval] scenario=high_load_perish  method=atc  n_seeds=50
[E2 eval] scenario=high_load_perish  method=mdd  n_seeds=50
[E2 eval] scenario=high_load_perish  method=edd  n_seeds=50
[E2 eval] scenario=high_load_perish  method=fifo  n_seeds=50
[E2 eval] scenario=high_load_perish  method=wspt  n_seeds=50
[E2 eval] scenario=high_load_perish  method=fefo  n_seeds=50
[E2 eval] scenario=high_load_perish  method=linucb  n_seeds=50
  [eval] linucb: policy retains state across shifts; ignoring n_jobs=-1 and running serially.
[E2 eval] scenario=high_load_perish  method=rolling_mpc  n_seeds=50
[E2 eval] scenario=high_load_perish  method=greedy_mpc  n_seeds=50
[E2 eval] scenario=high_load_perish  method=snapshot_xgb  n_seeds=50
[E2 eval] scenario=high_load_perish  method=ppo_fair  n_seeds=50
[E2 eval] scenario=high_load_perish  method=offline_fqi  n_seeds=50
[E2 eval] scenario=high_load_perish  method=ours  n_seeds=50

[E2 eval] wrote results\scenario_high_load_perish/
=== high_load_perish EVAL rc=0 09:27:37 ===
[E2 stats] 800 rows across 16 methods, 50 seeds.

[E2 stats] service_failure_rate (scenario=high_load_perish):
      method  point  ci_lo  ci_hi  diff_point  p_raw  p_adj_bh reject_bh
        eedd 0.8008 0.7922 0.8087      0.2583 0.0000    0.0000      True
      covert 0.5466 0.5376 0.5552      0.0041 0.0000    0.0000      True
          ms 0.8042 0.7959 0.8120      0.2617 0.0000    0.0000      True
         atc 0.5352 0.5266 0.5438     -0.0072 0.0001    0.0001      True
         mdd 0.7971 0.7884 0.8052      0.2546 0.0000    0.0000      True
         edd 0.7995 0.7910 0.8075      0.2570 0.0000    0.0000      True
        fifo 0.7970 0.7894 0.8045      0.2546 0.0000    0.0000      True
        wspt 0.3093 0.3010 0.3179     -0.2332 0.0000    0.0000      True
        fefo 0.5650 0.5583 0.5715      0.0225 0.0000    0.0000      True
      linucb 0.7667 0.7573 0.7758      0.2242 0.0000    0.0000      True
 rolling_mpc 0.5356 0.5264 0.5445     -0.0069 0.0000    0.0000      True
  greedy_mpc 0.5416 0.5325 0.5506     -0.0009 0.2444    0.2444     False
snapshot_xgb 0.5657 0.5564 0.5750      0.0232 0.0000    0.0000      True
    ppo_fair 0.7584 0.7493 0.7673      0.2159 0.0000    0.0000      True
 offline_fqi 0.5450 0.5363 0.5535      0.0025 0.0159    0.0171      True
        ours 0.5425 0.5335 0.5512      0.0000    NaN       NaN     False

[E2 stats] mean_tardiness (scenario=high_load_perish):
      method   point   ci_lo   ci_hi  diff_point  p_raw  p_adj_bh reject_bh
        eedd 43.4731 41.8049 45.2020      8.2105 0.0000    0.0000      True
      covert 35.2778 33.7912 36.8125      0.0152 0.1053    0.1128     False
          ms 43.9495 42.2889 45.6737      8.6869 0.0000    0.0000      True
         atc 35.7485 34.2741 37.2673      0.4859 0.0000    0.0000      True
         mdd 31.8336 30.5793 33.1559     -3.4290 0.0000    0.0000      True
         edd 43.4388 41.7797 45.1651      8.1762 0.0000    0.0000      True
        fifo 43.9734 42.3289 45.6836      8.7108 0.0000    0.0000      True
        wspt 41.4094 39.9007 42.9801      6.1468 0.0000    0.0000      True
        fefo 49.9347 48.2641 51.6687     14.6721 0.0000    0.0000      True
      linucb 39.8437 38.3374 41.4165      4.5811 0.0000    0.0000      True
 rolling_mpc 35.2733 33.7839 36.8087      0.0107 0.6528    0.6528     False
  greedy_mpc 35.3750 33.8770 36.9219      0.1124 0.0000    0.0000      True
snapshot_xgb 35.6613 34.1405 37.2398      0.3987 0.0000    0.0000      True
    ppo_fair 43.3505 41.6922 45.0754      8.0879 0.0000    0.0000      True
 offline_fqi 35.3920 33.9076 36.9192      0.1294 0.0000    0.0000      True
        ours 35.2626 33.7806 36.7901      0.0000    NaN       NaN     False

[E2 stats] composite_cost (scenario=high_load_perish):
      method      point      ci_lo      ci_hi  diff_point  p_raw  p_adj_bh reject_bh
        eedd 24065.2394 23220.6874 24952.8639  12635.4741 0.0000    0.0000      True
      covert 11457.9708 10905.6700 12041.7833     28.2055 0.0058    0.0062      True
          ms 24301.7209 23462.1670 25185.2916  12871.9557 0.0000    0.0000      True
         atc 11379.8368 10832.5229 11957.9375    -49.9285 0.0048    0.0055      True
         mdd 18548.8877 17865.2364 19263.3169   7119.1225 0.0000    0.0000      True
         edd 24069.1759 23223.3985 24961.2404  12639.4106 0.0000    0.0000      True
        fifo 24272.7030 23430.2423 25159.8978  12842.9377 0.0000    0.0000      True
        wspt 11171.3159 10641.5638 11732.9258   -258.4493 0.0000    0.0000      True
        fefo 23063.5454 22256.5325 23907.5018  11633.7802 0.0000    0.0000      True
      linucb 19191.1279 18409.8493 19972.9387   7761.3626 0.0000    0.0000      True
 rolling_mpc 11341.4641 10787.5030 11922.6696    -88.3012 0.0000    0.0000      True
  greedy_mpc 11466.8066 10905.9443 12061.9088     37.0414 0.3472    0.3472     False
snapshot_xgb 11816.4860 11239.5345 12421.5326    386.7208 0.0000    0.0000      True
    ppo_fair 23226.0483 22382.7750 24114.2643  11796.2830 0.0000    0.0000      True
 offline_fqi 11470.5555 10922.3608 12044.8075     40.7902 0.0026    0.0033      True
        ours 11429.7653 10880.5400 12006.9146      0.0000    NaN       NaN     False

[E2 stats] throughput (scenario=high_load_perish):
      method    point    ci_lo    ci_hi  diff_point  p_raw  p_adj_bh reject_bh
        eedd 739.5800 737.1800 742.1000    -52.7000 0.0000    0.0000      True
      covert 792.2000 789.4400 795.0600     -0.0800 0.7329    0.7329     False
          ms 738.4800 736.0000 741.1400    -53.8000 0.0000    0.0000      True
         atc 794.3600 791.5200 797.3200      2.0800 0.0000    0.0000      True
         mdd 805.6000 802.7600 808.4800     13.3200 0.0000    0.0000      True
         edd 739.5600 737.1200 742.1600    -52.7200 0.0000    0.0000      True
        fifo 739.5600 737.0800 742.1800    -52.7200 0.0000    0.0000      True
        wspt 802.2800 799.5200 805.1400     10.0000 0.0000    0.0000      True
        fefo 739.5400 737.1000 742.2000    -52.7400 0.0000    0.0000      True
      linucb 759.5800 756.3600 762.9400    -32.7000 0.0000    0.0000      True
 rolling_mpc 792.7000 789.8995 795.6400      0.4200 0.0099    0.0124      True
  greedy_mpc 791.8400 789.0800 794.7200     -0.4400 0.0163    0.0188      True
snapshot_xgb 790.9000 788.0200 793.9000     -1.3800 0.0000    0.0000      True
    ppo_fair 739.5800 737.1400 742.1600    -52.7000 0.0000    0.0000      True
 offline_fqi 792.1800 789.4195 795.0800     -0.1000 0.5999    0.6427     False
        ours 792.2800 789.5200 795.1400      0.0000    NaN       NaN     False

[E2 stats] picker_utilization (scenario=high_load_perish):
      method  point  ci_lo  ci_hi  diff_point  p_raw  p_adj_bh reject_bh
        eedd 0.9683 0.9679 0.9686      0.0000 1.0000    1.0000     False
      covert 0.9683 0.9679 0.9686     -0.0000 0.6475    0.9712     False
          ms 0.9683 0.9679 0.9686     -0.0000 0.8767    1.0000     False
         atc 0.9682 0.9678 0.9686     -0.0001 0.0065    0.0487      True
         mdd 0.9683 0.9678 0.9686     -0.0000 0.0152    0.0568     False
         edd 0.9683 0.9678 0.9686     -0.0000 0.0152    0.0568     False
        fifo 0.9683 0.9679 0.9686     -0.0000 0.3720    0.6200     False
        wspt 0.9681 0.9676 0.9684     -0.0002 0.0001    0.0020      True
        fefo 0.9683 0.9678 0.9686     -0.0000 0.2659    0.5950     False
      linucb 0.9683 0.9678 0.9686     -0.0000 0.0218    0.0655     False
 rolling_mpc 0.9683 0.9679 0.9686      0.0000 1.0000    1.0000     False
  greedy_mpc 0.9683 0.9679 0.9686     -0.0000 0.3173    0.5950     False
snapshot_xgb 0.9683 0.9679 0.9686      0.0000 1.0000    1.0000     False
    ppo_fair 0.9683 0.9678 0.9686     -0.0000 0.3011    0.5950     False
 offline_fqi 0.9683 0.9679 0.9686     -0.0000 0.7794    1.0000     False
        ours 0.9683 0.9679 0.9686      0.0000    NaN       NaN     False

[E2 stats] wrote results\E2\high_load_perish_stats.parquet
=== high_load_perish STATS rc=0 09:27:40 ===
A2_DONE
