FIXUPS START 23:24:18

########## .venv/Scripts/python.exe -m experiments.evaluate --method snapshot_xgb ##########  23:24:18
[eval] method=snapshot_xgb  n_test=50

[eval] snapshot_xgb over 50 shifts:
  mean composite_cost             = 388.7640
  mean service_failure_rate       = 0.0691
  mean arrived                    = 767.0000
  mean throughput                 = 731.9600
  mean unserved                   = 35.0400
  mean dropped                    = 0.0000
  mean sla_breach_rate_arrived    = 0.0656
  mean sla_breach_rate_served     = 0.0637
  mean spoilage_rate              = 0.0365
  mean mean_tardiness             = 0.7874
  mean mean_tardiness_served      = 0.4993
  mean picker_utilization         = 0.9558
  mean mean_interval_cost         = 12.1489
  mean wall_clock_s               = 0.0428
  mean decision_latency_ms_mean   = 0.9841
  mean decision_latency_ms_p95    = 1.0357
########## rc=0  23:24:23

########## .venv/Scripts/python.exe -m experiments.fig_data_efficiency ##########  23:24:23
[fig] wrote figures\data_efficiency/data_efficiency_curve.{png,pdf}
########## rc=0  23:24:24

########## .venv/Scripts/python.exe -m experiments.generate_labels --tau 2 --train-out data/tau2/train.parquet --test-out data/tau2/test.parquet ##########  23:24:24
