RESUME START 14:33:20

########## .venv/Scripts/python.exe -m experiments.e8_robustness_grid eval --n-jobs -1 ##########  14:33:20

[E8 grid] cell 1/12: arr1.40_tight
  ours...  [eval] ours: policy retains state across shifts; ignoring n_jobs=-1 and running serially.
 OK  greedy_mpc... OK  snapshot_xgb...  [eval] snapshot_xgb: policy retains state across shifts; ignoring n_jobs=-1 and running serially.
 OK  eedd... OK
[E8 grid] cell 2/12: arr1.40_default
  ours...  [eval] ours: policy retains state across shifts; ignoring n_jobs=-1 and running serially.
 OK  greedy_mpc... OK  snapshot_xgb...  [eval] snapshot_xgb: policy retains state across shifts; ignoring n_jobs=-1 and running serially.
 OK  eedd... OK
[E8 grid] cell 3/12: arr1.40_loose
  ours...  [eval] ours: policy retains state across shifts; ignoring n_jobs=-1 and running serially.
 OK  greedy_mpc... OK  snapshot_xgb...  [eval] snapshot_xgb: policy retains state across shifts; ignoring n_jobs=-1 and running serially.
 OK  eedd... OK
[E8 grid] cell 4/12: arr1.50_tight
  ours...  [eval] ours: policy retains state across shifts; ignoring n_jobs=-1 and running serially.
 OK  greedy_mpc... OK  snapshot_xgb...  [eval] snapshot_xgb: policy retains state across shifts; ignoring n_jobs=-1 and running serially.
 OK  eedd... OK
[E8 grid] cell 5/12: arr1.50_default
  ours...  [eval] ours: policy retains state across shifts; ignoring n_jobs=-1 and running serially.
 OK  greedy_mpc... OK  snapshot_xgb...  [eval] snapshot_xgb: policy retains state across shifts; ignoring n_jobs=-1 and running serially.
 OK  eedd... OK
[E8 grid] cell 6/12: arr1.50_loose
  ours...  [eval] ours: policy retains state across shifts; ignoring n_jobs=-1 and running serially.
 OK  greedy_mpc... OK  snapshot_xgb...  [eval] snapshot_xgb: policy retains state across shifts; ignoring n_jobs=-1 and running serially.
 OK  eedd... OK
[E8 grid] cell 7/12: arr1.65_tight
  ours...  [eval] ours: policy retains state across shifts; ignoring n_jobs=-1 and running serially.
 OK  greedy_mpc... OK  snapshot_xgb...  [eval] snapshot_xgb: policy retains state across shifts; ignoring n_jobs=-1 and running serially.
 OK  eedd... OK
[E8 grid] cell 8/12: arr1.65_default
  ours...  [eval] ours: policy retains state across shifts; ignoring n_jobs=-1 and running serially.
 OK  greedy_mpc... OK  snapshot_xgb...  [eval] snapshot_xgb: policy retains state across shifts; ignoring n_jobs=-1 and running serially.
 OK  eedd... OK
[E8 grid] cell 9/12: arr1.65_loose
  ours...  [eval] ours: policy retains state across shifts; ignoring n_jobs=-1 and running serially.
 OK  greedy_mpc... OK  snapshot_xgb...  [eval] snapshot_xgb: policy retains state across shifts; ignoring n_jobs=-1 and running serially.
 OK  eedd... OK
[E8 grid] cell 10/12: arr1.80_tight
  ours...  [eval] ours: policy retains state across shifts; ignoring n_jobs=-1 and running serially.
 OK  greedy_mpc... OK  snapshot_xgb...  [eval] snapshot_xgb: policy retains state across shifts; ignoring n_jobs=-1 and running serially.
 OK  eedd... OK
[E8 grid] cell 11/12: arr1.80_default
  ours...  [eval] ours: policy retains state across shifts; ignoring n_jobs=-1 and running serially.
 OK  greedy_mpc... OK  snapshot_xgb...  [eval] snapshot_xgb: policy retains state across shifts; ignoring n_jobs=-1 and running serially.
 OK  eedd... OK
[E8 grid] cell 12/12: arr1.80_loose
  ours...  [eval] ours: policy retains state across shifts; ignoring n_jobs=-1 and running serially.
 OK  greedy_mpc... OK  snapshot_xgb...  [eval] snapshot_xgb: policy retains state across shifts; ignoring n_jobs=-1 and running serially.
 OK  eedd... OK

[E8 grid] summary written to results\E8\robustness_grid_summary.parquet
########## rc=0  14:48:49

########## .venv/Scripts/python.exe -m experiments.e8_robustness_grid summary ##########  14:48:49

[E8 grid] Robustness Grid Summary
====================================================================================================

SERVICE_FAILURE_RATE
----------------------------------------------------------------------------------------------------

  SLA Tightness = tight
    arrival_rate=1.4
      ours              0.0422 [  0.0391,   0.0460]
      greedy_mpc        0.0403 [  0.0373,   0.0436]
      snapshot_xgb      0.0418 [  0.0386,   0.0455]
      eedd              0.0418 [  0.0386,   0.0455]
    arrival_rate=1.5
      ours              0.0900 [  0.0624,   0.1249]
      greedy_mpc        0.0714 [  0.0535,   0.0936]
      snapshot_xgb      0.0911 [  0.0617,   0.1285]
      eedd              0.0914 [  0.0617,   0.1289]
    arrival_rate=1.65
      ours              0.3433 [  0.2983,   0.3874]
      greedy_mpc        0.2668 [  0.2316,   0.3024]
      snapshot_xgb      0.3696 [  0.3192,   0.4200]
      eedd              0.4352 [  0.3709,   0.5010]
    arrival_rate=1.8
      ours              0.4788 [  0.4616,   0.4953]
      greedy_mpc        0.4406 [  0.4245,   0.4559]
      snapshot_xgb      0.5148 [  0.4971,   0.5321]
      eedd              0.7321 [  0.7023,   0.7605]

  SLA Tightness = default
    arrival_rate=1.4
      ours              0.0042 [  0.0034,   0.0050]
      greedy_mpc        0.0042 [  0.0035,   0.0050]
      snapshot_xgb      0.0046 [  0.0038,   0.0054]
      eedd              0.0042 [  0.0034,   0.0050]
    arrival_rate=1.5
      ours              0.0038 [  0.0033,   0.0044]
      greedy_mpc        0.0040 [  0.0034,   0.0045]
      snapshot_xgb      0.0045 [  0.0039,   0.0051]
      eedd              0.0038 [  0.0032,   0.0044]
    arrival_rate=1.65 [TUNED]
      ours              0.0701 [  0.0460,   0.0973]
      greedy_mpc        0.0624 [  0.0395,   0.0886]
      snapshot_xgb      0.0691 [  0.0450,   0.0968]
      eedd              0.0977 [  0.0587,   0.1428]
    arrival_rate=1.8
      ours              0.2959 [  0.2719,   0.3193]
      greedy_mpc        0.2856 [  0.2610,   0.3097]
      snapshot_xgb      0.2959 [  0.2711,   0.3198]
      eedd              0.4673 [  0.4249,   0.5084]

  SLA Tightness = loose
    arrival_rate=1.4
      ours              0.0004 [  0.0002,   0.0006]
      greedy_mpc        0.0003 [  0.0002,   0.0006]
      snapshot_xgb      0.0004 [  0.0002,   0.0006]
      eedd              0.0003 [  0.0002,   0.0006]
    arrival_rate=1.5
      ours              0.0002 [  0.0001,   0.0004]
      greedy_mpc        0.0003 [  0.0001,   0.0005]
      snapshot_xgb      0.0003 [  0.0002,   0.0006]
      eedd              0.0002 [  0.0000,   0.0004]
    arrival_rate=1.65
      ours              0.0193 [  0.0073,   0.0341]
      greedy_mpc        0.0131 [  0.0040,   0.0246]
      snapshot_xgb      0.0175 [  0.0057,   0.0324]
      eedd              0.0210 [  0.0049,   0.0412]
    arrival_rate=1.8
      ours              0.1696 [  0.1417,   0.1979]
      greedy_mpc        0.1400 [  0.1127,   0.1685]
      snapshot_xgb      0.1704 [  0.1390,   0.2019]
      eedd              0.2258 [  0.1811,   0.2720]

COMPOSITE_COST
----------------------------------------------------------------------------------------------------

  SLA Tightness = tight
    arrival_rate=1.4
      ours            178.3083 [162.9681, 195.5749]
      greedy_mpc      169.9470 [156.3215, 184.5757]
      snapshot_xgb    177.1109 [161.8344, 194.3354]
      eedd            177.1109 [161.8344, 194.3354]
    arrival_rate=1.5
      ours            429.0631 [284.6213, 614.9262]
      greedy_mpc      319.3967 [237.9218, 423.0014]
      snapshot_xgb    444.1319 [285.5220, 650.2414]
      eedd            446.7089 [285.7128, 654.2738]
    arrival_rate=1.65
      ours            2094.7738 [1773.4342, 2430.4888]
      greedy_mpc      1563.2023 [1285.2597, 1858.4585]
      snapshot_xgb    2326.0615 [1952.7943, 2717.8594]
      eedd            3223.1686 [2566.6167, 3932.9981]
    arrival_rate=1.8
      ours            4285.6724 [3973.7295, 4610.0652]
      greedy_mpc      3969.7558 [3645.6929, 4312.2742]
      snapshot_xgb    4632.8382 [4304.8546, 4977.5277]
      eedd            8970.0410 [8167.8142, 9807.7176]

  SLA Tightness = default
    arrival_rate=1.4
      ours             16.1927 [ 12.9636,  19.7710]
      greedy_mpc       16.1338 [ 13.0277,  19.6110]
      snapshot_xgb     17.1439 [ 13.9920,  20.6196]
      eedd             16.0826 [ 12.8912,  19.6223]
    arrival_rate=1.5
      ours             17.0484 [ 14.1928,  19.9747]
      greedy_mpc       17.2395 [ 14.4087,  20.1466]
      snapshot_xgb     18.7560 [ 15.8464,  21.6679]
      eedd             16.9453 [ 14.1091,  19.8886]
    arrival_rate=1.65 [TUNED]
      ours            381.2460 [233.1249, 554.9894]
      greedy_mpc      356.1368 [208.2928, 528.7411]
      snapshot_xgb    388.7640 [235.3720, 567.7172]
      eedd            695.7708 [375.8357, 1075.5894]
    arrival_rate=1.8
      ours            2245.5839 [1958.3436, 2552.5881]
      greedy_mpc      2216.3575 [1928.9052, 2526.1598]
      snapshot_xgb    2286.4715 [1998.1965, 2596.5209]
      eedd            4756.6106 [4078.3733, 5481.1719]

  SLA Tightness = loose
    arrival_rate=1.4
      ours              1.2741 [  0.5299,   2.1738]
      greedy_mpc        1.1894 [  0.5036,   2.0460]
      snapshot_xgb      1.3745 [  0.6647,   2.2190]
      eedd              1.1742 [  0.5017,   2.0122]
    arrival_rate=1.5
      ours              0.7022 [  0.2225,   1.2948]
      greedy_mpc        1.3733 [  0.4756,   2.4960]
      snapshot_xgb      1.9318 [  0.7890,   3.3419]
      eedd              0.5036 [  0.0933,   1.0439]
    arrival_rate=1.65
      ours            104.3062 [ 40.2532, 184.0579]
      greedy_mpc       67.6372 [ 19.6304, 128.0257]
      snapshot_xgb     92.0153 [ 28.8029, 171.4091]
      eedd            122.2450 [ 24.4728, 244.0100]
    arrival_rate=1.8
      ours            1189.4215 [960.7131, 1434.8060]
      greedy_mpc      976.5879 [746.2594, 1225.4108]
      snapshot_xgb    1212.5174 [946.8300, 1491.3193]
      eedd            1965.1083 [1480.5873, 2493.8695]

MEAN_TARDINESS
----------------------------------------------------------------------------------------------------

  SLA Tightness = tight
    arrival_rate=1.4
      ours              0.1324 [  0.1209,   0.1445]
      greedy_mpc        0.1318 [  0.1195,   0.1457]
      snapshot_xgb      0.1309 [  0.1195,   0.1430]
      eedd              0.1309 [  0.1195,   0.1430]
    arrival_rate=1.5
      ours              0.3474 [  0.1916,   0.5522]
      greedy_mpc        0.3912 [  0.2117,   0.6262]
      snapshot_xgb      0.3392 [  0.1857,   0.5401]
      eedd              0.3392 [  0.1855,   0.5403]
    arrival_rate=1.65
      ours              4.1035 [  3.0538,   5.2738]
      greedy_mpc        4.2261 [  3.1933,   5.3610]
      snapshot_xgb      4.1378 [  3.0744,   5.3188]
      eedd              4.5852 [  3.3205,   6.0082]
    arrival_rate=1.8
      ours             14.0862 [ 12.6077,  15.6497]
      greedy_mpc       14.0031 [ 12.5408,  15.5482]
      snapshot_xgb     14.2426 [ 12.7405,  15.8364]
      eedd             17.3105 [ 15.3590,  19.3949]

  SLA Tightness = default
    arrival_rate=1.4
      ours              0.0088 [  0.0067,   0.0112]
      greedy_mpc        0.0088 [  0.0067,   0.0112]
      snapshot_xgb      0.0091 [  0.0070,   0.0115]
      eedd              0.0088 [  0.0066,   0.0112]
    arrival_rate=1.5
      ours              0.0082 [  0.0064,   0.0101]
      greedy_mpc        0.0083 [  0.0066,   0.0103]
      snapshot_xgb      0.0094 [  0.0075,   0.0113]
      eedd              0.0082 [  0.0064,   0.0101]
    arrival_rate=1.65 [TUNED]
      ours              0.8221 [  0.4076,   1.3201]
      greedy_mpc        0.7770 [  0.3685,   1.2687]
      snapshot_xgb      0.7874 [  0.3816,   1.2762]
      eedd              0.8249 [  0.3647,   1.3854]
    arrival_rate=1.8
      ours              6.5843 [  5.4598,   7.8129]
      greedy_mpc        6.5434 [  5.4128,   7.7744]
      snapshot_xgb      6.5248 [  5.3894,   7.7578]
      eedd              7.6181 [  6.1754,   9.1773]

  SLA Tightness = loose
    arrival_rate=1.4
      ours              0.0003 [  0.0001,   0.0006]
      greedy_mpc        0.0004 [  0.0001,   0.0008]
      snapshot_xgb      0.0003 [  0.0001,   0.0006]
      eedd              0.0003 [  0.0001,   0.0006]
    arrival_rate=1.5
      ours              0.0001 [  0.0000,   0.0003]
      greedy_mpc        0.0002 [  0.0000,   0.0004]
      snapshot_xgb      0.0002 [  0.0000,   0.0004]
      eedd              0.0001 [  0.0000,   0.0003]
    arrival_rate=1.65
      ours              0.0904 [  0.0112,   0.1907]
      greedy_mpc        0.0838 [  0.0112,   0.1752]
      snapshot_xgb      0.0943 [  0.0123,   0.1993]
      eedd              0.0871 [  0.0100,   0.1835]
    arrival_rate=1.8
      ours              2.2346 [  1.5748,   2.9858]
      greedy_mpc        2.2020 [  1.5384,   2.9601]
      snapshot_xgb      2.3006 [  1.6220,   3.0694]
      eedd              2.5533 [  1.7563,   3.4705]

[E8 grid] heatmaps written to figures\E8/
[E8 grid] summary parquet -> results\E8\robustness_grid_summary.parquet
########## rc=0  14:48:51

########## .venv/Scripts/python.exe -m experiments.e9_offline_fqi robustness_grid ##########  14:48:51
  arr1.40_tight        sla_breach=0.0536  composite_cost=206.913
  arr1.40_default      sla_breach=0.0045  composite_cost=17.202
  arr1.40_loose        sla_breach=0.0006  composite_cost=2.118
  arr1.50_tight        sla_breach=0.1004  composite_cost=406.864
  arr1.50_default      sla_breach=0.0044  composite_cost=18.915
  arr1.50_loose        sla_breach=0.0007  composite_cost=3.003
  arr1.65_tight        sla_breach=0.3044  composite_cost=1687.894
  arr1.65_default      sla_breach=0.0731  composite_cost=389.936
  arr1.65_loose        sla_breach=0.0229  composite_cost=120.040
  arr1.80_tight        sla_breach=0.4566  composite_cost=4031.080
  arr1.80_default      sla_breach=0.2914  composite_cost=2242.864
  arr1.80_loose        sla_breach=0.1698  composite_cost=1156.974

[e9 robustness_grid] offline_fqi vs DAHS — SLA breach, 12 untuned cells:
  cell                  offline_fqi       DAHS       winner
  arr1.40_tight              0.0536     0.0422         DAHS
  arr1.40_default            0.0045     0.0042         DAHS
  arr1.40_loose              0.0006     0.0004         DAHS
  arr1.50_tight              0.1004     0.0900         DAHS
  arr1.50_default            0.0044     0.0038         DAHS
  arr1.50_loose              0.0007     0.0002         DAHS
  arr1.65_tight              0.3044     0.3433  offline_fqi
  arr1.65_default            0.0731     0.0701         DAHS
  arr1.65_loose              0.0229     0.0193         DAHS
  arr1.80_tight              0.4566     0.4788  offline_fqi
  arr1.80_default            0.2914     0.2959  offline_fqi
  arr1.80_loose              0.1698     0.1696         DAHS

[e9 robustness_grid] DAHS <= offline_fqi in 9/12 cells -> robustness_grid_offline_fqi.parquet
########## rc=0  14:49:38

########## .venv/Scripts/python.exe -m baselines.ppo_fair ##########  14:49:38
########## rc=0  14:50:04

########## .venv/Scripts/python.exe -m experiments.evaluate --method ppo_fair ##########  14:50:04
[eval] method=ppo_fair  n_test=50

[eval] ppo_fair over 50 shifts:
  mean composite_cost             = 610.9135
  mean service_failure_rate       = 0.0982
  mean arrived                    = 767.0000
  mean throughput                 = 730.4800
  mean unserved                   = 36.5200
  mean dropped                    = 0.0000
  mean sla_breach_rate_arrived    = 0.0863
  mean sla_breach_rate_served     = 0.0851
  mean spoilage_rate              = 0.0936
  mean mean_tardiness             = 0.9216
  mean mean_tardiness_served      = 0.9072
  mean picker_utilization         = 0.9557
  mean mean_interval_cost         = 19.0910
  mean wall_clock_s               = 0.0202
  mean decision_latency_ms_mean   = 0.2255
  mean decision_latency_ms_p95    = 0.2596
########## rc=0  14:50:09

########## .venv/Scripts/python.exe -m experiments.rl_sensitivity ppo ##########  14:50:09
C:\CAOR\.venv\Lib\site-packages\stable_baselines3\ppo\ppo.py:155: UserWarning: You have specified a mini-batch size of 64, but because the `RolloutBuffer` is of size `n_steps * n_envs = 32`, after every 0 untruncated mini-batches, there will be a truncated mini-batch of size 32
We recommend using a `batch_size` that is a factor of `n_steps * n_envs`.
Info: (n_steps=32 and n_envs=1)
  warnings.warn(
[ppo-sensitivity] 12 configurations x 8,000 steps, evaluated on 50 test shifts
  [ 1/12] baseline
  [ 2/12] gamma=0.9
  [ 3/12] gamma=1.0
  [ 4/12] gae_lambda=0.9
  [ 5/12] gae_lambda=0.99
  [ 6/12] n_steps=32
  [ 7/12] n_steps=256
  [ 8/12] ent_coef=0.01
  [ 9/12] ent_coef=0.05
  [10/12] norm(obs=True,rew=True)
  [11/12] norm(obs=True,rew=False)
  [12/12] norm(obs=False,rew=True)

                     tag        factor  composite_cost  service_failure_rate
 norm(obs=True,rew=True) normalization        449.8303                0.0845
norm(obs=True,rew=False) normalization        539.7177                0.0864
             n_steps=256       n_steps        673.2920                0.0966
                baseline             -        695.7708                0.0977
          gae_lambda=0.9    gae_lambda        695.7708                0.0977
         gae_lambda=0.99    gae_lambda        695.7708                0.0977
               gamma=1.0         gamma        695.7708                0.0977
               gamma=0.9         gamma        695.7708                0.0977
           ent_coef=0.01      ent_coef        695.7708                0.0977
              n_steps=32       n_steps        695.7708                0.0977
           ent_coef=0.05      ent_coef        695.7708                0.0977
norm(obs=False,rew=True) normalization        763.0576                0.1049

[ppo-sensitivity] gap closed: 78.2%
[ppo-sensitivity] Tuning closes a substantial share of the gap. Section 6.9's 'structural, not budgetary' claim must be withdrawn and the tuned configuration reported as the PPO baseline.
########## rc=0  14:55:07

########## .venv/Scripts/python.exe -m experiments.rl_sensitivity coverage ##########  14:55:07
[coverage] behaviour policy: random  |H| = 6
[coverage] overall      : effective actions 6.00, min share 0.161  (n=8,000)
[coverage] breach-prone : effective actions 6.00, min share 0.157  (n=2,000)
[coverage] conditional on interval_idx: 5.94 of 6 effective actions

[coverage] Coverage is adequate: the offline-RL deficit cannot be attributed to unsupported actions in the hard region.
########## rc=0  14:55:07
RESUME END 14:55:07
STAGE4 RESUME COMPLETE
