START 11:57:21
.venv/Scripts/python.exe -m experiments.train_ranker --run-id phase4
[Phase 4] run_id=phase4  smoke=False  seed=1337
[Phase 4] data: C:\CAOR\data\train.parquet / C:\CAOR\data\test.parquet
[Phase 4] train: 8000 rows; test: 1525 rows
[Phase 4] labels: tau=4 M=20 beta=0.4698 policy=random
[Phase 4] pool (from labels, K=6) = ['EEDD', 'COVERT', 'MS', 'ATC', 'MDD', 'EDD']
[Phase 4] fitting regime layer (GMM, K-sweep + ARI stability)...
[regime] WARNING: BIC-optimal K=12 sits at the EDGE of k_grid=[2, 3, 4, 5, 6, 7, 8, 10, 12]. K is being chosen by the grid boundary, not by the data. Widen cfg.regime.k_grid and re-run before reporting K*.
  K* = 12  BIC = -239726.1  mean ARI = 0.9694  stable=True  (79.3s)
  BIC sweep: {2: 39104.02769477817, 3: -38035.0497596581, 4: -89346.28214860366, 5: -154822.91437143285, 6: -159307.60188370963, 7: -157354.0716793113, 8: -168012.10378700795, 10: -221978.0580663906, 12: -239511.05793574287}
  attached regime posteriors: ['regime_post_0', 'regime_post_1', 'regime_post_2', 'regime_post_3', 'regime_post_4', 'regime_post_5', 'regime_post_6', 'regime_post_7', 'regime_post_8', 'regime_post_9', 'regime_post_10', 'regime_post_11']
[Phase 4] HP search on training data (cross_validate_ranker)...
  best params = {'max_depth': 6, 'n_estimators': 200, 'learning_rate': 0.03}
  mean CV soft-xent = 0.87499  per-fold = ['0.8347', '0.8880', '0.8950', '0.8694', '0.8878']
  HP-search wall: 4161.3s  (combos: 18)
[Phase 4] 5-fold-CV calibration report (acceptance: ECE_post < 0.05)...
[calibration] 1 of 6 rules never win in the calibration split (indices [5]); their probabilities are passed through uncalibrated.
  mean ECE pre = 0.1548  post = 0.0245
  mean Brier pre = 0.1922  post = 0.1511
  mean soft-xent post = 2.31403
  CV-calibration wall: 194.3s
[Phase 4] final calibration split: 6400 train rows (200 shifts) / 1600 calibration rows (50 shifts)
[Phase 4] refit ranker on inner-train with best HPs...
  refit wall: 44.1s
[Phase 4] fitting isotonic calibrator on the 20% shift split...
  calibration wall: 0.0s
[Phase 4] evaluating calibration on test.parquet...
  ECE  pre=0.1709   post=0.0198
  Brier pre=0.1739  post=0.1258
  soft-xent  pre=0.82842  post=2.38802
  test rows: 1525

Saved artifacts under runs\phase4/
  calibrator.joblib
  model.json
  phase4_cv_calibration.json
  phase4_metrics.json
  phase4_regime.json
  ranker_meta.joblib
  regime.joblib
EXIT=0
END 13:12:02
