START 13:13:13
.venv/Scripts/python.exe -m experiments.generate_labels --tau 1 \
  --train-out data/tau1/train.parquet --test-out data/tau1/test.parquet
[Parallel(n_jobs=-1)]: Using backend LokyBackend with 32 concurrent workers.
[Parallel(n_jobs=-1)]: Done   8 tasks      | elapsed:  2.8min
[Parallel(n_jobs=-1)]: Done  98 tasks      | elapsed: 10.5min
[Parallel(n_jobs=-1)]: Done 238 out of 250 | elapsed: 19.3min remaining:   58.2s
[Parallel(n_jobs=-1)]: Done 250 out of 250 | elapsed: 19.4min finished
[Parallel(n_jobs=-1)]: Using backend LokyBackend with 32 concurrent workers.
[Parallel(n_jobs=-1)]: Done   9 out of  50 | elapsed:  1.4min remaining:  6.4min
[Parallel(n_jobs=-1)]: Done  20 out of  50 | elapsed:  1.5min remaining:  2.3min
[Parallel(n_jobs=-1)]: Done  31 out of  50 | elapsed:  1.6min remaining:   57.7s
[Parallel(n_jobs=-1)]: Done  42 out of  50 | elapsed:  2.4min remaining:   27.4s
[Parallel(n_jobs=-1)]: Done  50 out of  50 | elapsed:  2.4min finished
[stage2] pool = ['EEDD', 'COVERT', 'MS', 'ATC', 'MDD', 'EDD']
[stage2] tau=1  M=20  observed_policy=random
[stage2] corpus: 250 train + 50 test shifts
[stage2] a priori budget: 1,161,600 interval-steps
[stage2] beta_mode=per_row  beta_grid=[0.01, 0.02, 0.03, 0.05, 0.08, 0.12, 0.2, 0.35, 0.6, 1.0]  target_median_entropy=[0.387, 0.9048] nats (|H|=6)
[stage2] n_jobs=-1  cpu_count=32

[stage2] labelling 250 TRAIN shifts (tau=1, M=20, |H|=6)...
  train: 1163.7s  (4.65s/shift)  968,000 interval-steps

[stage2] labelling 50 TEST shifts (tau=1, M=20, |H|=6)...
  test: 147.0s  (2.94s/shift)  193,600 interval-steps

[stage2] aggregated: train=8000 rows, test=1600 rows

[stage2] beta = 0.010000
  median train row entropy = 0.6931 (target [0.38702004535325985, 0.9048385319601677]) -> OK
  test ambiguity filter (theta=0.3666666666666667): kept 915/1600 (dropped 685)
  rollout SE: mean=0.0000  median=0.0000
  epochs with best/second gap < 1 SE: 36.7%

[stage2] saved:
  data\tau1\train.parquet  (8000 rows)
  data\tau1\test.parquet  (915 rows)
  data\tau1\test_unfiltered.parquet  (1600 rows)
  runs\dev\label_meta.json
  data\tau1\label_meta.json
[stage2] simulated interval-steps: 1,161,600 (a priori budget 1,161,600)
[stage2] total wall-clock: 1310.7s
.venv/Scripts/python.exe -m experiments.train_ranker --run-id phase4_tau1 \
  --train-path data/tau1/train.parquet \
  --test-path data/tau1/test.parquet --skip-cv-cal
[Phase 4] run_id=phase4_tau1  smoke=False  seed=1337
[Phase 4] data: data\tau1\train.parquet / data\tau1\test.parquet
[Phase 4] train: 8000 rows; test: 915 rows
[Phase 4] labels: tau=1 M=20 beta=0.0100 policy=random
[Phase 4] pool (from labels, K=6) = ['EEDD', 'COVERT', 'MS', 'ATC', 'MDD', 'EDD']
[Phase 4] fitting regime layer (GMM, K-sweep + ARI stability)...
[regime] WARNING: BIC-optimal K=12 sits at the EDGE of k_grid=[2, 3, 4, 5, 6, 7, 8, 10, 12]. K is being chosen by the grid boundary, not by the data. Widen cfg.regime.k_grid and re-run before reporting K*.
  K* = 12  BIC = -239726.1  mean ARI = 0.9694  stable=True  (82.5s)
  BIC sweep: {2: 39104.02769477817, 3: -38035.0497596581, 4: -89346.28214860366, 5: -154822.91437143285, 6: -159307.60188370963, 7: -157354.0716793113, 8: -168012.10378700795, 10: -221978.0580663906, 12: -239511.05793574287}
  attached regime posteriors: ['regime_post_0', 'regime_post_1', 'regime_post_2', 'regime_post_3', 'regime_post_4', 'regime_post_5', 'regime_post_6', 'regime_post_7', 'regime_post_8', 'regime_post_9', 'regime_post_10', 'regime_post_11']
[Phase 4] HP search on training data (cross_validate_ranker)...
  best params = {'max_depth': 4, 'n_estimators': 200, 'learning_rate': 0.03}
  mean CV soft-xent = 1.49331  per-fold = ['1.4711', '1.4983', '1.4950', '1.5302', '1.4720']
  HP-search wall: 2658.8s  (combos: 18)
[Phase 4] skip-cv-cal flag set; not running 5-fold calibration report.
[Phase 4] final calibration split: 6400 train rows (200 shifts) / 1600 calibration rows (50 shifts)
[Phase 4] refit ranker on inner-train with best HPs...
  refit wall: 32.3s
[Phase 4] fitting isotonic calibrator on the 20% shift split...
  calibration wall: 0.0s
[Phase 4] evaluating calibration on test.parquet...
  ECE  pre=0.0384   post=0.1278
  Brier pre=0.5309  post=0.5807
  soft-xent  pre=1.07683  post=1.29845
  test rows: 915

Saved artifacts under runs\phase4_tau1/
  calibrator.joblib
  model.json
  phase4_metrics.json
  phase4_regime.json
  ranker_meta.joblib
  regime.joblib
EXIT=0
END 14:21:20
